[debug] [2025-05-22T10:43:04.458Z] ----------------------------------------------------------------------
[debug] [2025-05-22T10:43:04.460Z] Command:       /usr/bin/node /usr/bin/firebase init
[debug] [2025-05-22T10:43:04.460Z] CLI Version:   14.4.0
[debug] [2025-05-22T10:43:04.460Z] Platform:      linux
[debug] [2025-05-22T10:43:04.460Z] Node Version:  v20.19.2
[debug] [2025-05-22T10:43:04.460Z] Time:          Thu May 22 2025 18:43:04 GMT+0800 (Philippine Standard Time)
[debug] [2025-05-22T10:43:04.460Z] ----------------------------------------------------------------------
[debug] 
[debug] [2025-05-22T10:43:04.464Z] > command requires scopes: ["email","openid","https://www.googleapis.com/auth/cloudplatformprojects.readonly","https://www.googleapis.com/auth/firebase","https://www.googleapis.com/auth/cloud-platform"]
[debug] [2025-05-22T10:43:04.464Z] > authorizing via signed-in user (markism1224amarille@gmail.com)
[info] 
     ######## #### ########  ######## ########     ###     ######  ########
     ##        ##  ##     ## ##       ##     ##  ##   ##  ##       ##
     ######    ##  ########  ######   ########  #########  ######  ######
     ##        ##  ##    ##  ##       ##     ## ##     ##       ## ##
     ##       #### ##     ## ######## ########  ##     ##  ######  ########

You're about to initialize a Firebase project in this directory:

  /mnt/marky-ssd/Documents/Coding/AndroidStudioProjects/StriveFit

Before we get started, keep in mind:

  * You are currently outside your home directory

[debug] [2025-05-22T10:43:39.734Z] ExitPromptError: User force closed the prompt with SIGINT
    at Interface.sigint (/usr/lib/node_modules/firebase-tools/node_modules/@inquirer/core/dist/commonjs/lib/create-prompt.js:100:37)
    at Interface.emit (node:events:524:28)
    at Interface.emit (node:domain:489:12)
    at [_ttyWrite] [as _ttyWrite] (node:internal/readline/interface:1125:18)
    at ReadStream.onkeypress (node:internal/readline/interface:264:20)
    at ReadStream.emit (node:events:536:35)
    at ReadStream.emit (node:domain:489:12)
    at emitKeys (node:internal/readline/utils:371:14)
    at emitKeys.next (<anonymous>)
    at ReadStream.onData (node:internal/readline/emitKeypressEvents:64:36)
[error] 
[error] Error: An unexpected error has occurred.
